// Jest Snapshot v1, https://goo.gl/fbAQLP

exports[`snapshot 1`] = `
"export function inputsForUser() {
    return {
        email: faker.internet.email(),
    }
}
"
`;
